// Jest Snapshot v1, https://goo.gl/fbAQLP

exports[`<Footer /> should match snapshot 1`] = `
.c0 {
  background-color: #FFA500;
  height: 8rem;
  display: -webkit-box;
  display: -webkit-flex;
  display: -ms-flexbox;
  display: flex;
  -webkit-box-pack: center;
  -webkit-justify-content: center;
  -ms-flex-pack: center;
  justify-content: center;
  -webkit-align-items: center;
  -webkit-box-align: center;
  -ms-flex-align: center;
  align-items: center;
}

.c1 {
  color: #FAFAFA;
  font-size: 2.8rem;
}

<footer
  className="c0"
  data-testid="footer"
>
  <h1
    className="c1"
    color="white"
    data-testid="typography"
    size="xxlarge"
  >
    Footer
  </h1>
</footer>
`;
