// Jest Snapshot v1, https://goo.gl/fbAQLP

exports[`<Typography /> should match snapshot 1`] = `
.c0 {
  color: #FAFAFA;
  font-size: 1.6rem;
}

<h1
  className="c0"
  color="white"
  data-testid="typography"
  size="medium"
/>
`;
