// Jest Snapshot v1, https://goo.gl/fbAQLP

exports[`<Header /> should match snapshot 1`] = `
.c1 {
  color: #FAFAFA;
  font-size: 2.8rem;
}

.c0 {
  background-color: #54d5eb;
  -webkit-flex: 1;
  -ms-flex: 1;
  flex: 1;
  display: -webkit-box;
  display: -webkit-flex;
  display: -ms-flexbox;
  display: flex;
  -webkit-box-pack: center;
  -webkit-justify-content: center;
  -ms-flex-pack: center;
  justify-content: center;
  -webkit-align-items: center;
  -webkit-box-align: center;
  -ms-flex-align: center;
  align-items: center;
}

<header
  className="c0"
  data-testid="header"
>
  <h1
    className="c1"
    color="white"
    data-testid="typography"
    size="xxlarge"
  >
    Header
  </h1>
</header>
`;
