// Jest Snapshot v1, https://goo.gl/fbAQLP

exports[`<BaseLayout /> should match snapshot 1`] = `
.c2 {
  color: #FAFAFA;
  font-size: 2.8rem;
}

.c1 {
  background-color: #54d5eb;
  -webkit-flex: 1;
  -ms-flex: 1;
  flex: 1;
  display: -webkit-box;
  display: -webkit-flex;
  display: -ms-flexbox;
  display: flex;
  -webkit-box-pack: center;
  -webkit-justify-content: center;
  -ms-flex-pack: center;
  justify-content: center;
  -webkit-align-items: center;
  -webkit-box-align: center;
  -ms-flex-align: center;
  align-items: center;
}

.c4 {
  background-color: #FFA500;
  -webkit-flex: 1;
  -ms-flex: 1;
  flex: 1;
  display: -webkit-box;
  display: -webkit-flex;
  display: -ms-flexbox;
  display: flex;
  -webkit-box-pack: center;
  -webkit-justify-content: center;
  -ms-flex-pack: center;
  justify-content: center;
  -webkit-align-items: center;
  -webkit-box-align: center;
  -ms-flex-align: center;
  align-items: center;
}

.c0 {
  display: -webkit-box;
  display: -webkit-flex;
  display: -ms-flexbox;
  display: flex;
  -webkit-flex-direction: column;
  -ms-flex-direction: column;
  flex-direction: column;
  -webkit-box-pack: justify;
  -webkit-justify-content: space-between;
  -ms-flex-pack: justify;
  justify-content: space-between;
  height: 100vh;
  gap: 1.0rem;
}

.c3 {
  -webkit-flex: 8;
  -ms-flex: 8;
  flex: 8;
  display: -webkit-box;
  display: -webkit-flex;
  display: -ms-flexbox;
  display: flex;
  -webkit-flex-direction: column;
  -ms-flex-direction: column;
  flex-direction: column;
  gap: 1.0rem;
}

<div
  className="c0"
  data-testid="base-layout"
>
  <header
    className="c1"
    data-testid="header"
  >
    <h1
      className="c2"
      color="white"
      data-testid="typography"
      size="xxlarge"
    >
      Header
    </h1>
  </header>
  <main
    className="c3"
  />
  <footer
    className="c4"
    data-testid="footer"
  >
    <h1
      className="c2"
      color="white"
      data-testid="typography"
      size="xxlarge"
    >
      Footer
    </h1>
  </footer>
</div>
`;
